Error: Could not connect to any servers in your MongoDB Atlas cluster. One common reason is that you're trying to access the database from an IP that isn't whitelisted. Make sure your current IP address is on your Atlas cluster's IP whitelist: https://www.mongodb.com/docs/atlas/security-whitelist/
❌ Failed to start server: MongooseServerSelectionError: Could not connect to any servers in your MongoDB Atlas cluster. One common reason is that you're trying to access the database from an IP that isn't whitelisted. Make sure your current IP address is on your Atlas cluster's IP whitelist: https://www.mongodb.com/docs/atlas/security-whitelist/
    at _handleConnectionErrors (D:\FYP\clinix.ai\backend-node\node_modules\mongoose\lib\connection.js:1169:11)
    at NativeConnection.openUri (D:\FYP\clinix.ai\backend-node\node_modules\mongoose\lib\connection.js:1100:11)
    at async connectToDatabase (file:///D:/FYP/clinix.ai/backend-node/src/config/db.js:19:18)
    at async startServer (file:///D:/FYP/clinix.ai/backend-node/src/server.js:84:5) {
  errorLabelSet: Set(0) {},
  reason: TopologyDescription {
    type: 'ReplicaSetNoPrimary',
    servers: Map(3) {
      'ac-luklxvz-shard-00-01.uzh4z0y.mongodb.net:27017' => [ServerDescription],
      'ac-luklxvz-shard-00-00.uzh4z0y.mongodb.net:27017' => [ServerDescription],
      'ac-luklxvz-shard-00-02.uzh4z0y.mongodb.net:27017' => [ServerDescription]
    },
    stale: false,
    compatible: true,
    heartbeatFrequencyMS: 10000,
    localThresholdMS: 15,
    setName: 'atlas-ya2luw-shard-0',
    maxElectionId: null,
    maxSetVersion: null,
    commonWireVersion: 0,
    logicalSessionTimeoutMinutes: null
  },
  code: undefined,
  cause: TopologyDescription {
    type: 'ReplicaSetNoPrimary',
    servers: Map(3) {
      'ac-luklxvz-shard-00-01.uzh4z0y.mongodb.net:27017' => [ServerDescription],
      'ac-luklxvz-shard-00-00.uzh4z0y.mongodb.net:27017' => [ServerDescription],
      'ac-luklxvz-shard-00-02.uzh4z0y.mongodb.net:27017' => [ServerDescription]
    },
    stale: false,
    compatible: true,
    heartbeatFrequencyMS: 10000,
    localThresholdMS: 15,
    setName: 'atlas-ya2luw-shard-0',
    maxElectionId: null,
    maxSetVersion: null,
    commonWireVersion: 0,
    logicalSessionTimeoutMinutes: null
  }
}
