Error: querySrv ECONNREFUSED _mongodb._tcp.clinixai.uzh4z0y.mongodb.net
❌ Failed to start server: Error: querySrv ECONNREFUSED _mongodb._tcp.clinixai.uzh4z0y.mongodb.net
    at QueryReqWrap.onresolve [as oncomplete] (node:internal/dns/promises:295:17) {
  errno: undefined,
  code: 'ECONNREFUSED',
  syscall: 'querySrv',
  hostname: '_mongodb._tcp.clinixai.uzh4z0y.mongodb.net'
}
Error: querySrv ECONNREFUSED _mongodb._tcp.clinixai.uzh4z0y.mongodb.net
❌ Failed to start server: Error: querySrv ECONNREFUSED _mongodb._tcp.clinixai.uzh4z0y.mongodb.net
    at QueryReqWrap.onresolve [as oncomplete] (node:internal/dns/promises:295:17) {
  errno: undefined,
  code: 'ECONNREFUSED',
  syscall: 'querySrv',
  hostname: '_mongodb._tcp.clinixai.uzh4z0y.mongodb.net'
}
[consultationController] Skipping appointment creation: patient phone is missing { consultationId: '6a55e615de4551508402fff7' }
node:net:2009:16)
    at listenInCluster (node:net:2066:12)
    at Server.listen (node:net:2171:7)
    at startServer (file:///D:/FYP/clinix.ai/backend-node/src/server.js:133:12)
    at process.processTicksAndRejections (node:internal/process/task_queues:104:5) {
  code: 'EADDRINUSE',
  errno: -4091,
  syscall: 'listen',
  address: '::',
  port: 5000
}
❌ Uncaught Exception: Error: listen EADDRINUSE: address already in use :::5000
    at Server.setupListenHandle [as _listen2] (node:net:2009:16)
    at listenInCluster (node:net:2066:12)
    at Server.listen (node:net:2171:7)
    at startServer (file:///D:/FYP/clinix.ai/backend-node/src/server.js:133:12)
    at process.processTicksAndRejections (node:internal/process/task_queues:104:5) {
  code: 'EADDRINUSE',
  errno: -4091,
  syscall: 'listen',
  address: '::',
  port: 5000
}
